USA,139,54,71,264
GBR,64,55,26,145
RUS,52,28,35,115
GER,49,43,67,159
CHN,46,30,37,113
BRA,36,8,6,50
AUS,23,34,25,82
ARG,21,1,0,22
FRA,20,55,21,96
JPN,17,13,34,64
DEN,15,10,16,41
SRB,14,27,13,54
KOR,13,3,10,26
FIJ,13,0,0,13
HUN,12,3,7,22
JAM,11,17,2,30
NED,9,25,13,47
ESP,9,19,17,45
ITA,8,40,24,72
CRO,7,15,2,24
NZL,6,25,5,36
KEN,6,6,1,13
SUI,6,3,2,11
CUB,5,2,4,11
CAN,4,4,61,69
ROU,4,2,10,16
UZB,4,2,7,13
KAZ,3,5,10,18
SVK,3,5,0,8
POL,3,3,10,16
COL,3,2,3,8
IRI,3,1,4,8
GRE,3,1,3,7
SWE,2,23,3,28
BEL,2,17,2,21
UKR,2,8,5,15
RSA,2,7,14,23
PRK,2,3,2,7
THA,2,2,2,6
INA,2,2,0,4
GEO,2,1,4,7
AZE,1,7,10,18
BLR,1,4,7,12
TUR,1,3,4,8
ARM,1,3,0,4
CZE,1,2,12,15
ETH,1,2,5,8
SLO,1,2,1,4
BRN,1,1,0,2
VIE,1,1,0,2
BAH,1,0,5,6
TPE,1,0,4,5
CIV,1,0,1,2
IOA,1,0,1,2
JOR,1,0,0,1
KOS,1,0,0,1
PUR,1,0,0,1
SGP,1,0,0,1
TJK,1,0,0,1
MAS,0,7,1,8
MEX,0,3,2,5
IRL,0,3,0,3
LTU,0,2,5,7
ALG,0,2,0,2
BUL,0,1,6,7
VEN,0,1,2,3
IND,0,1,1,2
MGL,0,1,1,2
BDI,0,1,0,1
GRN,0,1,0,1
NIG,0,1,0,1
PHI,0,1,0,1
QAT,0,1,0,1
NOR,0,0,19,19
NGR,0,0,18,18
EST,0,0,4,4
EGY,0,0,3,3
TUN,0,0,3,3
AUT,0,0,2,2
ISR,0,0,2,2
DOM,0,0,1,1
FIN,0,0,1,1
MAR,0,0,1,1
POR,0,0,1,1
TTO,0,0,1,1
UAE,0,0,1,1
AFG,0,0,0,0
ALB,0,0,0,0
AND,0,0,0,0
ANG,0,0,0,0
ANT,0,0,0,0
ARU,0,0,0,0
ASA,0,0,0,0
BAN,0,0,0,0
BAR,0,0,0,0
BEN,0,0,0,0
BER,0,0,0,0
BHU,0,0,0,0
BIH,0,0,0,0
BIZ,0,0,0,0
BOL,0,0,0,0
BOT,0,0,0,0
BRU,0,0,0,0
BUR,0,0,0,0
CAF,0,0,0,0
CAM,0,0,0,0
CAY,0,0,0,0
CGO,0,0,0,0
CHA,0,0,0,0
CHI,0,0,0,0
CMR,0,0,0,0
COD,0,0,0,0
COK,0,0,0,0
COM,0,0,0,0
CPV,0,0,0,0
CRC,0,0,0,0
CYP,0,0,0,0
DJI,0,0,0,0
DMA,0,0,0,0
ECU,0,0,0,0
ERI,0,0,0,0
ESA,0,0,0,0
FSM,0,0,0,0
GAB,0,0,0,0
GAM,0,0,0,0
GBS,0,0,0,0
GEQ,0,0,0,0
GHA,0,0,0,0
GUA,0,0,0,0
GUI,0,0,0,0
GUM,0,0,0,0
GUY,0,0,0,0
HAI,0,0,0,0
HKG,0,0,0,0
HON,0,0,0,0
IRQ,0,0,0,0
ISL,0,0,0,0
ISV,0,0,0,0
IVB,0,0,0,0
KGZ,0,0,0,0
KIR,0,0,0,0
KSA,0,0,0,0
LAO,0,0,0,0
LAT,0,0,0,0
LBA,0,0,0,0
LBR,0,0,0,0
LCA,0,0,0,0
LES,0,0,0,0
LIB,0,0,0,0
LIE,0,0,0,0
LUX,0,0,0,0
MAD,0,0,0,0
MAW,0,0,0,0
MDA,0,0,0,0
MDV,0,0,0,0
MHL,0,0,0,0
MKD,0,0,0,0
MLI,0,0,0,0
MLT,0,0,0,0
MNE,0,0,0,0
MON,0,0,0,0
MOZ,0,0,0,0
MRI,0,0,0,0
MTN,0,0,0,0
MYA,0,0,0,0
NAM,0,0,0,0
NCA,0,0,0,0
NEP,0,0,0,0
NRU,0,0,0,0
OMA,0,0,0,0
PAK,0,0,0,0
PAN,0,0,0,0
PAR,0,0,0,0
PER,0,0,0,0
PLE,0,0,0,0
PLW,0,0,0,0
PNG,0,0,0,0
ROT,0,0,0,0
RWA,0,0,0,0
SAM,0,0,0,0
SEN,0,0,0,0
SEY,0,0,0,0
SKN,0,0,0,0
SLE,0,0,0,0
SMR,0,0,0,0
SOL,0,0,0,0
SOM,0,0,0,0
SRI,0,0,0,0
SSD,0,0,0,0
STP,0,0,0,0
SUD,0,0,0,0
SUR,0,0,0,0
SWZ,0,0,0,0
SYR,0,0,0,0
TAN,0,0,0,0
TGA,0,0,0,0
TKM,0,0,0,0
TLS,0,0,0,0
TOG,0,0,0,0
TUV,0,0,0,0
UGA,0,0,0,0
URU,0,0,0,0
VAN,0,0,0,0
VIN,0,0,0,0
YEM,0,0,0,0
ZAM,0,0,0,0
ZIM,0,0,0,0
