   region   
------------
 Belarus
 Hungary
 Kazakhstan
 Kosovo
 UK
 Ukraine
 USA
(7 rows)

